---
source: tests/report_snapshots.rs
expression: "render_batch_json(&view).expect(\"json renders\")"
---
{
  "is_safe": false,
  "strict": false,
  "total_pairs": 2,
  "limit_violation": true,
  "results": {
    "breaking_contract": {
      "is_safe": false,
      "strict": false,
      "counts": {
        "critical": 2,
        "warning": 0,
        "info": 1
      },
      "suppressed_count": 1,
      "total_findings": 3,
      "recommended_bump": "major",
      "baseline_source": null,
      "verified_code_hash": null,
      "findings_by_category": {
        "Environment": [
          {
            "severity": "info",
            "category": "Environment",
            "message": "Protocol version changed from 20 to 21",
            "type_name": null,
            "target": null,
            "remediation": "Verify that the target network supports the new protocol version."
          }
        ],
        "Function Signature Changed": [
          {
            "severity": "critical",
            "category": "Function Signature Changed",
            "message": "Function 'initialize' signature changed",
            "type_name": null,
            "target": "initialize",
            "suppressed": true,
            "suppression_reason": "Planned re-init for the v2 migration.",
            "remediation": "Update call sites, SDKs, and tests to match the new parameter structure."
          }
        ],
        "Struct Field Removed": [
          {
            "severity": "critical",
            "category": "Struct Field Removed",
            "message": "Field 'threshold' removed from struct 'ConfigData'",
            "type_name": "ConfigData",
            "target": "ConfigData.threshold",
            "remediation": "Restore the field or perform a state migration."
          }
        ]
      }
    }
  },
  "failed": {
    "broken_pair": {
      "error": "resource limit exceeded: max_xdr_depth (64)",
      "limit_violation": true
    }
  }
}
